42
42
 01111111110000000000
 00111111110000000000
 00011111110000000000
 00001111110000000000
 00000111110000000000
 00000011110000000000
 00000001110000000000
 00000000110000000000
 00000000010000000000
 00000000000000000000
 00000000000111111111
 00000000000011111111
 00000000000001111111
 00000000000000111111
 00000000000000011111
 00000000000000001111
 00000000000000000111
 00000000000000000011
 00000000000000000001
 00000000000000000000
42
