42
42
 .111111111..........
 ..11111111..........
 ...1111111..........
 ....111111..........
 .....11111..........
 ......1111..........
 .......111..........
 ........11..........
 .........1..........
 ....................
 ...........111111111
 ............11111111
 .............1111111
 ..............111111
 ...............11111
 ................1111
 .................111
 ..................11
 ...................1
 ....................
42
