  1  2  3  4  5  6  7  8  9 10

seekupdate(f, 5); f^ := 50; update(f)
position(f) (should be 5) = 5
lastposition(f) (should be 10) = 10
f is     1  2  3  4 50  6  7  8  9 10
must be  1  2  3  4 50  6  7  8  9 10
