CHECK NEXT LINE HAS 72 CHARS
123456781234567812345678123456781234567812345678123456781234567812345678
END OF LINE
 CURLY BRACKET IS {
SQUARE BRACKET IS [
