SousChaine : 000000000
Length(SousChaine) : 9
SousChaine : 000000000
Length(SousChaine) : 9
Chaine : 1
