read: `first line'
(end of line)
read: `second line, with no terminator'
(end of line)
(end of file)
