Values read:
100, 200, 300, 400, 500, 600, 700, 800, 900, 1000, 
10000, 20000, 30000, 40000, 50000, 60000, 70000, 80000, 90000, 100000, 
foo
bar
42, 84, 126, 168, 210, 252, 294, 336, 378, 420, 
3840, 7680, 11520, 15360, 19200, 23040, 26880, 30720, 34560, 38400, 

Binary file dump:
100, 0, 200, 0, 44, 1, 144, 1, 244, 1, 2, 88, 2, 188, 3, 32, 
3, 132, 3, 232, 16, 39, 0, 0, 32, 78, 0, 0, 48, 117, 0, 0, 
64, 156, 0, 0, 80, 195, 0, 0, 0, 0, 234, 96, 0, 1, 17, 112, 
0, 1, 56, 128, 0, 1, 95, 144, 0, 1, 134, 160, 3, 0, 0, 0, 
0, 0, 0, 0, 102, 111, 111, 0, 0, 0, 0, 0, 0, 0, 3, 98, 
97, 114, 42, 0, 84, 0, 126, 0, 168, 0, 210, 0, 252, 0, 38, 1, 
80, 1, 122, 1, 164, 1, 0, 0, 15, 0, 0, 0, 30, 0, 0, 0, 
45, 0, 0, 0, 60, 0, 0, 0, 75, 0, 0, 0, 90, 0, 0, 0, 
105, 0, 0, 0, 120, 0, 0, 0, 135, 0, 0, 0, 150, 0, 
