       -23
       -17
        -1
         0
         1
        17
        23
