'how now<eoln> brown cow<eoln> ' s/b 'how now<eoln> brown cow<eoln> '
'too much<eoln> too soon' s/b 'too much<eoln> too soon'
