I should print->f4 4 0.25 0.25 4 pr1 0.25 True<-
f4 4 0.25 0.25 4 pr1 0.25 True
