123
1122334
123455667788


3
34
345
ABCDEF
FalseTrue
23456
321
887766554
887766554321
321
32
3


FEDCBA
TrueFalse
65432
2357
22335
235577
acxy
aaccx
acxxyy
FalseTrue
False
FalseTrueTrue
1346
11334
134466



1a11 1a13 1a14 1a16 1a01 1a03 1a04 1a06 1c11 1c13 1c14 1c16 1c01 1c03 1c04 1c06 1x11 1x13 1x14 1x16 1x01 1x03 1x04 1x06 1y11 1y13 1y14 1y16 1y01 1y03 1y04 1y06 2a11 2a13 2a14 2a16 2a01 2a03 2a04 2a06 2c11 2c13 2c14 2c16 2c01 2c03 2c04 2c06 2x11 2x13 2x14 2x16 2x01 2x03 2x04 2x06 2y11 2y13 2y14 2y16 2y01 2y03 2y04 2y06 3a11 3a13 3a14 3a16 3a01 3a03 3a04 3a06 3c11 3c13 3c14 3c16 3c01 3c03 3c04 3c06 3x11 3x13 3x14 3x16 3x01 3x03 3x04 3x06 3y11 3y13 3y14 3y16 3y01 3y03 3y04 3y06 .
