long option `optarg'
option `r' with argument `foo'
option `x'
option `o'
option `n'
option `o' with argument `bar'
long option `noarg'
long option `reqarg' with argument `foo'
long option `optarg' with argument `bar'
option `x'
Remaining arguments:
baz
qux
