Number: 
For  10       1023 steps, time         0
