errno = 0
gimme a real that was a really satisfying 1.234567899876543e+08
errno = 0
