enter repeat count
main:        10        20        30        40
lvl1:       110       120       130       140
lvl2:       210       220       230       240
