solution to instant insanity
         1   white     blue      red       blue      
         2   red       green     blue      white     
         3   green     white     green     red       
         4   blue      red       white     green     
