         3
  3.14159292
         3   3.14159292
  3.14159292 3
314
31416
         3
  3.14159292
3   3.14159292
314
31416
