width=height=randomizing seed= XXXXXXXXXXXXXXXXXXXXXXX
 X       X       X     X
 XXXXX X X XXX X XXXXX X
     X X     X X       X
 X X XXXXXXXXX XXXXXXX X
 X X         X X X     X
 X XXXXXXXXX X X X XXXXX
 X X       X X X X   X X
 X X XXX XXX X X XXX X X
 X X X   X   X X   X X X
 X X X XXX XXX XXX X X X
 X   X X   X     X X X X
 XXXXX X XXX XXX X X X X
 X   X X   X   X X   X X
 XXX X XXXXXXX X X XXX X
 X   X X     X X X     X
 X XXX X XXXXX X XXXXXXX
 X X   X       X       X
 X X XXXXXXXXXXX XXXXX X
 X   X     X   X     X  
 X XXX XXX X X XXXXXXX X
 X     X     X         X
 XXXXXXXXXXXXXXXXXXXXXXX
want another? (y or n)width=height=randomizing seed= XXXXXXXXXXXXXXXXXXXXXXXXXXX
 X   X   X             X   X
 X X X X XXX XXXXXXX X XXX X
 X X   X   X X   X   X X   X
 X XXXXXXX X X X X XXX X X X
 X   X   X X X X   X     X X
 X X X XXX XXX XXXXXXXXXXX X
   X X   X X   X       X   X
 X X X X X X X X XXXXX X XXX
 X X X X     X X X X   X   X
 X X XXXXXXX XXX X X XXXXX X
 X X       X X   X X     X X
 X XXXXXXX X X XXX XXXXX XXX
 X   X   X X X X       X   X
 XXX XXX X XXXXXXX X X XXX X
 X   X   X       X X X X    
 X XXX XXXXXXX X XXX X X XXX
 X   X       X X     X X X X
 XXX XXX XXX X X XXXXX X X X
 X X     X   X X X   X X   X
 X X XXXXXXXXX XXX X XXXXX X
 X X X       X X   X   X   X
 X X X XXXXX X X XXXXX X XXX
 X X X X       X X   X X   X
 X X X XXXXXXXXX X X X XXX X
 X   X             X X     X
 XXXXXXXXXXXXXXXXXXXXXXXXXXX
want another? (y or n)