plus
random char
minus
random char
star
random char
slash
random char
percent
