     47    114     99     97    106    103     98    111    111    105
     85    101    107    106     98     86     95    105     95     85
    101     94    100    118     93    108     83    106     99     74
    102    103     93     98    100    104     96     92     99    101
    127    105     93    101     94    102     96     91    104     83
     94     98    104     96    108    115     99     92    116    102
    124     96    114    106     95    100    100    105    106     95
     97     99     86    114    102    106     99     89    101     96
    107     97    119    111    107     87    102    105    105     85
     98     95     72     99    110     91     91    101    103    102
     45      0      0      0      0      0      0      0      0      0
