hi there is not a palindrome
abcdefgfedcba is a palindrome
able was i ere i saw elba is a palindrome
madam im adam is not a palindrome
the quick brown fox jumps over the lazy dog is not a palindrome
