0.4794255386
0.7071067812
-0.6931471806
1.6487212707
0.8775825619
