i = 10   j25
r =  3.141590000000000e+01   2 * r =  6.283180000000000e+01
also r =  3.1e+01   and r =  3.142e+01   finally r =  31.416
and r =             31.4159000000
This program works? True
This progr      True
     This program works? T
This Tr
