Enter an integer
17 is the value       
this is a test      
enter a color
The next color is yellow
