>
0
>x
1

>xx
2


>y
1
y
>|Frank|Peter|Chief|||Maurice||
8

Frank
Peter
Chief


Maurice

>|Frank|Peter|Chief|||Maurice|
7

Frank
Peter
Chief


Maurice
>Frank|Peter|Chief|||Maurice|
6
Frank
Peter
Chief


Maurice
>|Frank|Peter|Chief|||Maurice
7

Frank
Peter
Chief


Maurice
>Frank|Peter|Chief|||Maurice
6
Frank
Peter
Chief


Maurice
