= succeeds
<> succeeds
> succeeds
< succeeds
>= succeeds
<= succeeds
= succeeds
<> succeeds
> succeeds
< succeeds
>= succeeds
<= succeeds
