0.6926474306   0.6926474306
0.0000055550   0.0000055550
