2.0000000000 7 128.0000000000
3.1415900000 2   9.8695877281
9.8695877281 2  97.4087619227
3.1415900000 4  97.4087619227
