        18        27         9
       312      2142         6
        61        53         1
        98       868        14
