s[ 1] = 12121212
s[ 2] = 21212121
s[ 3] = 56565656
s[ 4] = 65656565
s[ 5] = abababab
s[ 6] = babababa
s[ 7] = bcbcbcbc
s[ 8] = cbcbcbcb
s[ 9] = cdcdcdcd
s[10] = dcdcdcdc
s2[ 1] = 12121212 
s2[ 2] = 21212121 
s2[ 3] = 56565656 
s2[ 4] = 65656565 
s2[ 5] = abababab 
s2[ 6] = babababa 
s2[ 7] = bcbcbcbc 
s2[ 8] = cbcbcbcb 
s2[ 9] = cdcdcdcd 
s2[10] = dcdcdcdc 
