
in elements

in elements
member:        23
member:        45
ok

in elements
member:        -1
member:        23
member:        45

in elements
member:        -1
member:        23
member:        45
member:        80

in elements
