' 9.999000000000000e+09'
' 9.9990000000000000000000000000000000000e+09'
'                                  9999000000'
'                                  7777000000'
' 9.999000000000000e-10'
' 9.9990000000000000000000000000000000000e-10'
'                                           0'
'                                           0'
' 1.234560000000000e+02'
' 1.2345600000000000000000000000000000000e+02'
'                                         123'
' 1.000000000000000e-13'
' 1.0000000000000000000000000000000000000e-13'
'                                           0'
' 1.000000000000000e-14'
' 1.0000000000000000000000000000000000000e-14'
'                                           0'
'-9.999000000000000e+09'
'-9.9990000000000000000000000000000000000e+09'
'                                 -9999000000'
'                                 -7777000000'
'-9.999000000000000e-10'
'-9.9990000000000000000000000000000000000e-10'
'                                          -0'
'                                          -0'
'-1.234560000000000e+02'
'-1.2345600000000000000000000000000000000e+02'
'                                        -123'
'-1.000000000000000e-13'
'-1.0000000000000000000000000000000000000e-13'
'                                          -0'
'-1.000000000000000e-14'
'-1.0000000000000000000000000000000000000e-14'
'                                          -0'
'                                           0'
'                                           0'
'                                          -1'
'                                           1'
'                                           0'
'                                           0'
'                                           1'
'                                          -1'

